LineBreakpoint created at createExpressionCastToBuiltIn.kt:7
Run Java
Connected to the target VM
createExpressionCastToBuiltIn.kt:7
KotlinStackFrame (createExpressionCastToBuiltIn.kt:7)
    JavaValue[local] args: java.lang.String[] = array_tests_label (createExpressionCastToBuiltIn.kt:3)
    JavaValue[local] primitiveArray: int[] = array_tests_label (createExpressionCastToBuiltIn.kt:4)
        JavaValue[element] 0 = 1
    JavaValue[local] stringArray: java.lang.String[] = array_tests_label (createExpressionCastToBuiltIn.kt:5)
        JavaValue[element] 0 = a
Disconnected from the target VM

Process finished with exit code 0
