LineBreakpoint created at toStringRenderer.kt:6
Run Java
Connected to the target VM
toStringRenderer.kt:6
KotlinStackFrame (toStringRenderer.kt:6)
    JavaValue[local] args: java.lang.String[] = array_tests_label (toStringRenderer.kt:3)
    JavaValue[local] a: toStringRenderer.A = myA (toStringRenderer.kt:4)
        DummyMessageValueNode = Class has no properties
Disconnected from the target VM

Process finished with exit code 0
